// Jest Snapshot v1, https://goo.gl/fbAQLP

exports[`FormCard Components renders correctly 1`] = `
<View
  style={
    [
      {
        "backgroundColor": "#F2F2F2",
        "borderColor": "#D9D9D9",
        "borderRadius": 8,
        "borderWidth": 1,
        "gap": 10,
        "padding": 16,
      },
      undefined,
    ]
  }
  testID="formcard"
/>
`;
