// Jest Snapshot v1, https://goo.gl/fbAQLP

exports[`GDropdown2 Components renders correctly 1`] = `
<View
  style={
    {
      "position": "relative",
      "width": "100%",
    }
  }
>
  <View
    accessibilityState={
      {
        "busy": undefined,
        "checked": undefined,
        "disabled": undefined,
        "expanded": undefined,
        "selected": undefined,
      }
    }
    accessibilityValue={
      {
        "max": undefined,
        "min": undefined,
        "now": undefined,
        "text": undefined,
      }
    }
    accessible={true}
    collapsable={false}
    focusable={true}
    onClick={[Function]}
    onResponderGrant={[Function]}
    onResponderMove={[Function]}
    onResponderRelease={[Function]}
    onResponderTerminate={[Function]}
    onResponderTerminationRequest={[Function]}
    onStartShouldSetResponder={[Function]}
    style={
      {
        "alignItems": "center",
        "backgroundColor": "#fff",
        "borderColor": "#140E57",
        "borderRadius": 6,
        "borderWidth": 1,
        "flexDirection": "row",
        "justifyContent": "center",
        "opacity": 1,
        "paddingHorizontal": 14,
        "paddingVertical": 6,
        "width": "100%",
      }
    }
  >
    <Text
      style={
        {
          "color": "#140E57",
          "fontSize": 14,
          "fontWeight": "600",
        }
      }
    >
      RÃ©paration
    </Text>
    <Text />
  </View>
</View>
`;
